[2026-09-20T00:42:57+10:00] NODE_STATUS job=ReRunGemma id=32629499 node=g050
[2026-09-20T00:42:57+10:00] tracker_job_start model=Gemma job=ReRunGemma id=32629499 node=g050
CUDA_VISIBLE_DEVICES=0
MODEL_ROOT=/scratch3/che489/FC-W4/Tracing-Reproduction/W3/XLLMs/Gemma
TRACKER_DIR=/scratch3/che489/FC-W4/Tracing-Reproduction/W3/XLLMs/Gemma/RQ2Tracker
             JOBID                     NAME      STATE         TIME TIME_LIMIT PARTITION     NODELIST                    NODELIST(REASON)
          32629499               ReRunGemma    RUNNING         0:02    2:00:00     h2gpu         g050                                g050
[2026-09-20T00:42:57+10:00] START spans
0, NVIDIA H100, 0 MiB, 95830 MiB, 0 %
Sun Sep 20 00:42:57 2026       
+-----------------------------------------------------------------------------------------+
| NVIDIA-SMI 580.126.20             Driver Version: 580.126.20     CUDA Version: 13.0     |
+-----------------------------------------+------------------------+----------------------+
| GPU  Name                 Persistence-M | Bus-Id          Disp.A | Volatile Uncorr. ECC |
| Fan  Temp   Perf          Pwr:Usage/Cap |           Memory-Usage | GPU-Util  Compute M. |
|                                         |                        |               MIG M. |
|=========================================+========================+======================|
|   0  NVIDIA H100                    On  |   00000000:5D:00.0 Off |                    0 |
| N/A   28C    P0             71W /  700W |       0MiB /  95830MiB |      0%      Default |
|                                         |                        |             Disabled |
+-----------------------------------------+------------------------+----------------------+

+-----------------------------------------------------------------------------------------+
| Processes:                                                                              |
|  GPU   GI   CI              PID   Type   Process name                        GPU Memory |
|        ID   ID                                                               Usage      |
|=========================================================================================|
|  No running processes found                                                             |
+-----------------------------------------------------------------------------------------+
  PID  PPID STAT     ELAPSED %CPU %MEM COMMAND
42334 42331 I          00:01  7.6  0.0 /scratch3/che489/.conda/envs/W4/bin/python tracker_pipeline.py spans
42309 42158 S          00:03  0.0  0.0 bash /cm/local/apps/slurm/var/spool/job32629499/slurm_script Gemma /scratch3/che489/FC-W4/Tracing-Reproduction/W3/XLLMs/Gemma
42318 42309 S          00:01  0.0  0.0 bash /cm/local/apps/slurm/var/spool/job32629499/slurm_script Gemma /scratch3/che489/FC-W4/Tracing-Reproduction/W3/XLLMs/Gemma
42324 42309 S          00:01  0.0  0.0 bash /scratch3/che489/FC-W4/Tracing-Reproduction/W3/XLLMs/run_tracker_full.sh /scratch3/che489/FC-W4/Tracing-Reproduction/W3/XLLMs/Gemma/RQ2Tracker
42331 42324 S          00:01  0.0  0.0 bash /scratch3/che489/FC-W4/Tracing-Reproduction/W3/XLLMs/run_tracker_full.sh /scratch3/che489/FC-W4/Tracing-Reproduction/W3/XLLMs/Gemma/RQ2Tracker
42332 42324 S          00:01  0.0  0.0 tee -a /scratch3/che489/FC-W4/Tracing-Reproduction/W3/XLLMs/Gemma/RQ2Tracker/08_logs/full_resume.log
42337 42318 R          00:00  166  0.0 ps -u che489 -o pid,ppid,stat,etime,pcpu,pmem,args --sort=-pcpu
42338 42318 S          00:00  0.0  0.0 head -40
