[2026-09-20T00:17:15+10:00] TRACKER_MONITOR_START sleep=1s account=OD-237777
[2026-09-20T00:17:15+10:00] STATUS model=Gemma exp1=540/540 exp3=540/540 tracker=complete tracker_jobs=0
[2026-09-20T00:17:15+10:00] STATUS model=OLMo exp1=540/540 exp3=540/540 tracker=complete tracker_jobs=0
[2026-09-20T00:17:15+10:00] TRACKER_MONITOR_DONE Gemma and OLMo complete
[2026-09-20T00:21:30+10:00] TRACKER_MONITOR_START sleep=1s account=OD-237777 gemma_root=/scratch3/che489/FC-W4/Tracing-Reproduction/W3/XLLMs/Gemma olmo_root=/scratch3/che489/FC-W4/Tracing-Reproduction/W3/XLLMs/OLMo
[2026-09-20T00:21:31+10:00] STATUS model=Gemma exp1=540/540 exp3=540/540 tracker=complete tracker_jobs=0
[2026-09-20T00:21:31+10:00] STATUS model=OLMo exp1=540/540 exp3=540/540 tracker=complete tracker_jobs=0
[2026-09-20T00:21:31+10:00] TRACKER_MONITOR_DONE Gemma and OLMo complete
[2026-09-20T00:24:35+10:00] TRACKER_MONITOR_START sleep=300s account=OD-237777 gemma_root=/scratch3/che489/FC-W4/Tracing-Reproduction/W3/XLLMs/Gemma olmo_root=/scratch3/che489/FC-W4/Tracing-Reproduction/W3/XLLMs/OLMo
[2026-09-20T00:24:38+10:00] STATUS model=Gemma exp1=540/540 exp3=540/540 tracker=incomplete tracker_jobs=0
[2026-09-20T00:24:38+10:00] SUBMIT tracker model=Gemma root=/scratch3/che489/FC-W4/Tracing-Reproduction/W3/XLLMs/Gemma job=ReRunGemma id=32629394
[2026-09-20T00:24:39+10:00] STATUS model=OLMo exp1=540/540 exp3=540/540 tracker=incomplete tracker_jobs=0
[2026-09-20T00:24:39+10:00] SUBMIT tracker model=OLMo root=/scratch3/che489/FC-W4/Tracing-Reproduction/W3/XLLMs/OLMo job=ReRunOLMo id=32629395
[2026-09-20T00:28:50+10:00] TRACKER_MONITOR_START sleep=300s account=OD-237777 gemma_root=/scratch3/che489/FC-W4/Tracing-Reproduction/W3/XLLMs/Gemma olmo_root=/scratch3/che489/FC-W4/Tracing-Reproduction/W3/XLLMs/OLMo
[2026-09-20T00:28:51+10:00] STATUS model=Gemma phase=tracker_active exp1=540/540 exp3=540/540 tracker=incomplete active_jobs=1
[2026-09-20T00:28:51+10:00] ACTIVE job=ReRunGemma id=32629394 name=ReRunGemma state=RUNNING elapsed=4:13 limit=2:00:00 partition=h2gpu node=g021 reason=g021 comment=(null)
[2026-09-20T00:28:51+10:00] STATUS model=OLMo phase=tracker_active exp1=540/540 exp3=540/540 tracker=incomplete active_jobs=1
[2026-09-20T00:28:51+10:00] ACTIVE job=ReRunOLMo id=32629395 name=ReRunOLMo state=RUNNING elapsed=4:11 limit=2:00:00 partition=h2gpu node=g021 reason=g021 comment=(null)
[2026-09-20T00:34:39+10:00] MONITOR_START sleep=999s account=OD-237777 gemma_root=/scratch3/che489/FC-W4/Tracing-Reproduction/W3/XLLMs/Gemma olmo_root=/scratch3/che489/FC-W4/Tracing-Reproduction/W3/XLLMs/OLMo
[2026-09-20T00:35:19+10:00] MONITOR_START sleep=999s account=OD-237777 gemma_root=/scratch3/che489/FC-W4/Tracing-Reproduction/W3/XLLMs/Gemma olmo_root=/scratch3/che489/FC-W4/Tracing-Reproduction/W3/XLLMs/OLMo
[2026-09-20T00:35:20+10:00] STATUS role=ReRunGemma model=Gemma phase=tracker_running exp1=540/540 exp3=540/540 temporal=53/1984 stage=1/1984 tracker=incomplete active_jobs=1
[2026-09-20T00:35:20+10:00] ACTIVE role=ReRunGemma id=32629394 name=ReRunGemma state=RUNNING elapsed=10:42 limit=2:00:00 partition=h2gpu node=g021 reason=g021
[2026-09-20T00:35:21+10:00] STATUS role=ReRunOLMo model=OLMo phase=tracker_running exp1=540/540 exp3=540/540 temporal=1221/1986 stage=0/0 tracker=incomplete active_jobs=1
[2026-09-20T00:35:21+10:00] ACTIVE role=ReRunOLMo id=32629395 name=ReRunOLMo state=RUNNING elapsed=10:41 limit=2:00:00 partition=h2gpu node=g021 reason=g021
[2026-09-20T00:38:42+10:00] MONITOR_START sleep=999s account=OD-237777 gemma_root=/scratch3/che489/FC-W4/Tracing-Reproduction/W3/XLLMs/Gemma olmo_root=/scratch3/che489/FC-W4/Tracing-Reproduction/W3/XLLMs/OLMo
[2026-09-20T00:38:43+10:00] STATUS role=ReRunGemma model=Gemma phase=tracker_running exp1=540/540 exp3=540/540 temporal=0/1984 stage=0/1984 tracker=incomplete active_jobs=1
[2026-09-20T00:38:43+10:00] ACTIVE role=ReRunGemma id=32629470 name=ReRunGemma state=RUNNING elapsed=0:16 limit=2:00:00 partition=h2gpu node=g021 reason=g021
[2026-09-20T00:38:44+10:00] STATUS role=ReRunOLMo model=OLMo phase=tracker_running exp1=540/540 exp3=540/540 temporal=1242/1986 stage=0/0 tracker=incomplete active_jobs=1
[2026-09-20T00:38:45+10:00] ACTIVE role=ReRunOLMo id=32629395 name=ReRunOLMo state=RUNNING elapsed=14:05 limit=2:00:00 partition=h2gpu node=g021 reason=g021
[2026-09-20T00:43:14+10:00] MONITOR_START sleep=999s account=OD-237777 gemma_root=/scratch3/che489/FC-W4/Tracing-Reproduction/W3/XLLMs/Gemma olmo_root=/scratch3/che489/FC-W4/Tracing-Reproduction/W3/XLLMs/OLMo
[2026-09-20T00:43:16+10:00] STATUS role=ReRunGemma model=Gemma phase=tracker_running exp1=540/540 exp3=540/540 temporal=12/1984 stage=0/1984 tracker=incomplete active_jobs=2
[2026-09-20T00:43:16+10:00] ACTIVE role=ReRunGemma id=32629470 name=ReRunGemma state=RUNNING elapsed=4:49 limit=2:00:00 partition=h2gpu node=g021 reason=g021
[2026-09-20T00:43:17+10:00] ACTIVE role=ReRunGemma id=32629499 name=ReRunGemma state=RUNNING elapsed=0:21 limit=2:00:00 partition=h2gpu node=g050 reason=g050
[2026-09-20T00:43:17+10:00] STATUS role=ReRunOLMo model=OLMo phase=tracker_running exp1=540/540 exp3=540/540 temporal=1272/1986 stage=0/0 tracker=incomplete active_jobs=1
[2026-09-20T00:43:19+10:00] ACTIVE role=ReRunOLMo id=32629395 name=ReRunOLMo state=RUNNING elapsed=18:39 limit=2:00:00 partition=h2gpu node=g021 reason=g021
[2026-09-20T00:44:15+10:00] MONITOR_START sleep=300s account=OD-237777 gemma_root=/scratch3/che489/FC-W4/Tracing-Reproduction/W3/XLLMs/Gemma olmo_root=/scratch3/che489/FC-W4/Tracing-Reproduction/W3/XLLMs/OLMo
[2026-09-20T00:44:16+10:00] STATUS role=ReRunGemma model=Gemma phase=tracker exp1=540/540 exp3=540/540 temporal=17/1984 stage=0/1984 tracker=incomplete active_jobs=0
[2026-09-20T00:44:16+10:00] ACTIVE role=ReRunGemma none
[2026-09-20T00:44:16+10:00] SUBMIT role=ReRunGemma phase=tracker model=Gemma root=/scratch3/che489/FC-W4/Tracing-Reproduction/W3/XLLMs/Gemma id=32629508
[2026-09-20T00:44:18+10:00] STATUS role=ReRunOLMo model=OLMo phase=tracker_running exp1=540/540 exp3=540/540 temporal=1278/1986 stage=0/0 tracker=incomplete active_jobs=1
[2026-09-20T00:44:18+10:00] ACTIVE role=ReRunOLMo id=32629395 name=ReRunOLMo state=RUNNING elapsed=19:38 limit=2:00:00 partition=h2gpu node=g021 reason=g021
