[2026-10-01T16:48:41+10:00] watcher_start min_free_inodes=35000 scratch=/scratch3/che489
[2026-10-01T16:48:41+10:00] free_inodes=20769 DeepSeek_Gemma_state=ZIPPING progress=DeepSeek_Gemma   ZIPPING    15232/16110        94.5%    60GB         38GB           adding: XLLMs/Gemma/RQ2Tracker/03_activations/02_rq2_exp3/RQ2_Exp3__C1__EXP1_T003_D02_C03__BM.pt
[2026-10-01T16:49:42+10:00] free_inodes=20769 DeepSeek_Gemma_state=ZIPPING progress=DeepSeek_Gemma   ZIPPING    15321/16110        95.1%    60GB         39GB           adding: XLLMs/Gemma/RQ2Tracker/03_activations/02_rq2_exp3/RQ2_Exp3__C1__EXP1_T013_D03_C01__M.pt
[2026-10-01T16:50:43+10:00] free_inodes=20769 DeepSeek_Gemma_state=ZIPPING progress=DeepSeek_Gemma   ZIPPING    15410/16110        95.7%    60GB         40GB           adding: XLLMs/Gemma/RQ2Tracker/03_activations/02_rq2_exp3/RQ2_Exp3__C1__EXP1_T011_D01_C03__BM.pt
[2026-10-01T16:51:43+10:00] free_inodes=20769 DeepSeek_Gemma_state=ZIPPING progress=DeepSeek_Gemma   ZIPPING    15498/16110        96.2%    60GB         41GB           adding: XLLMs/Gemma/RQ2Tracker/03_activations/02_rq2_exp3/RQ2_Exp3__C2__EXP1_T000_D02_C03__BW.pt
[2026-10-01T16:52:43+10:00] free_inodes=20769 DeepSeek_Gemma_state=ZIPPING progress=DeepSeek_Gemma   ZIPPING    15598/16110        96.8%    60GB         42GB           adding: XLLMs/Gemma/RQ2Tracker/03_activations/01_rq1_exp1/RQ1_Exp1__UC_BM__EXP1_T016_D02_C01__BM.pt
[2026-10-01T16:53:44+10:00] free_inodes=20769 DeepSeek_Gemma_state=ZIPPING progress=DeepSeek_Gemma   ZIPPING    15733/16110        97.7%    60GB         42GB           adding: XLLMs/Gemma/RQ2Tracker/03_activations/01_rq1_exp1/RQ1_Exp1__UC_BM__EXP1_T012_D01_C02__BM.pt
[2026-10-01T16:54:44+10:00] free_inodes=20769 DeepSeek_Gemma_state=ZIPPING progress=DeepSeek_Gemma   ZIPPING    15871/16110        98.5%    60GB         43GB           adding: XLLMs/Gemma/RQ2Tracker/03_activations/01_rq1_exp1/RQ1_Exp1__UC_BM__EXP1_T006_D02_C03__BM.pt
[2026-10-01T16:55:44+10:00] free_inodes=20769 DeepSeek_Gemma_state=ZIPPING progress=DeepSeek_Gemma   ZIPPING    16031/16110        99.5%    60GB         44GB           adding: XLLMs/Gemma/RQ2Tracker/99_backups/full_rebuild_20260920_003825/03_activations/01_rq1_exp1/RQ1_Exp1__UC_BM__EXP1_T000_D01_C01__BM.pt
[2026-10-01T16:56:45+10:00] free_inodes=20769 DeepSeek_Gemma_state=ZIPPING progress=DeepSeek_Gemma   ZIPPING    16110/16110        100.0%   60GB         45GB           files/entries read:  16108 (59G bytes)  skipped:  2 (61K bytes)
[2026-10-01T16:57:45+10:00] free_inodes=20769 DeepSeek_Gemma_state=ZIPPING progress=DeepSeek_Gemma   ZIPPING    16110/16110        100.0%   60GB         45GB           files/entries read:  16108 (59G bytes)  skipped:  2 (61K bytes)
[2026-10-01T16:58:45+10:00] free_inodes=20769 DeepSeek_Gemma_state=ZIPPING progress=DeepSeek_Gemma   ZIPPING    16110/16110        100.0%   60GB         45GB           files/entries read:  16108 (59G bytes)  skipped:  2 (61K bytes)
[2026-10-01T16:59:46+10:00] free_inodes=20769 DeepSeek_Gemma_state=ZIPPING progress=DeepSeek_Gemma   ZIPPING    16110/16110        100.0%   60GB         45GB           files/entries read:  16108 (59G bytes)  skipped:  2 (61K bytes)
[2026-10-01T17:00:46+10:00] free_inodes=20769 DeepSeek_Gemma_state=ZIPPING progress=DeepSeek_Gemma   ZIPPING    16110/16110        100.0%   60GB         45GB           files/entries read:  16108 (59G bytes)  skipped:  2 (61K bytes)
[2026-10-01T17:01:46+10:00] free_inodes=20769 DeepSeek_Gemma_state=ZIPPING progress=DeepSeek_Gemma   ZIPPING    16110/16110        100.0%   60GB         45GB           files/entries read:  16108 (59G bytes)  skipped:  2 (61K bytes)
[2026-10-01T17:02:47+10:00] free_inodes=20769 DeepSeek_Gemma_state=ZIPPING progress=DeepSeek_Gemma   ZIPPING    16110/16110        100.0%   60GB         45GB           files/entries read:  16108 (59G bytes)  skipped:  2 (61K bytes)
[2026-10-01T17:03:47+10:00] free_inodes=20769 DeepSeek_Gemma_state=ZIPPING progress=DeepSeek_Gemma   ZIPPING    16110/16110        100.0%   60GB         45GB           files/entries read:  16108 (59G bytes)  skipped:  2 (61K bytes)
[2026-10-01T17:04:47+10:00] free_inodes=20769 DeepSeek_Gemma_state=ZIPPING progress=DeepSeek_Gemma   ZIPPING    16110/16110        100.0%   60GB         45GB           files/entries read:  16108 (59G bytes)  skipped:  2 (61K bytes)
[2026-10-01T17:05:48+10:00] free_inodes=20769 DeepSeek_Gemma_state=ZIPPING progress=DeepSeek_Gemma   ZIPPING    16110/16110        100.0%   60GB         45GB           files/entries read:  16108 (59G bytes)  skipped:  2 (61K bytes)
[2026-10-01T17:06:48+10:00] free_inodes=20769 DeepSeek_Gemma_state=ZIPPING progress=DeepSeek_Gemma   ZIPPING    16110/16110        100.0%   60GB         45GB           files/entries read:  16108 (59G bytes)  skipped:  2 (61K bytes)
[2026-10-01T17:07:49+10:00] free_inodes=20769 DeepSeek_Gemma_state=ZIPPING progress=DeepSeek_Gemma   ZIPPING    16110/16110        100.0%   60GB         45GB           files/entries read:  16108 (59G bytes)  skipped:  2 (61K bytes)
[2026-10-01T17:08:49+10:00] free_inodes=20769 DeepSeek_Gemma_state=ZIPPING progress=DeepSeek_Gemma   ZIPPING    16110/16110        100.0%   60GB         45GB           files/entries read:  16108 (59G bytes)  skipped:  2 (61K bytes)
[2026-10-01T17:09:49+10:00] free_inodes=20769 DeepSeek_Gemma_state=ZIPPING progress=DeepSeek_Gemma   ZIPPING    16110/16110        100.0%   60GB         45GB           files/entries read:  16108 (59G bytes)  skipped:  2 (61K bytes)
[2026-10-01T17:10:50+10:00] free_inodes=20769 DeepSeek_Gemma_state=ZIPPING progress=DeepSeek_Gemma   ZIPPING    16110/16110        100.0%   60GB         45GB           files/entries read:  16108 (59G bytes)  skipped:  2 (61K bytes)
[2026-10-01T17:11:50+10:00] free_inodes=20769 DeepSeek_Gemma_state=ZIPPING progress=DeepSeek_Gemma   ZIPPING    16110/16110        100.0%   60GB         45GB           files/entries read:  16108 (59G bytes)  skipped:  2 (61K bytes)
[2026-10-01T17:12:51+10:00] free_inodes=20769 DeepSeek_Gemma_state=ZIPPING progress=DeepSeek_Gemma   ZIPPING    16110/16110        100.0%   60GB         45GB           files/entries read:  16108 (59G bytes)  skipped:  2 (61K bytes)
[2026-10-01T17:13:51+10:00] free_inodes=20769 DeepSeek_Gemma_state=ZIPPING progress=DeepSeek_Gemma   ZIPPING    16110/16110        100.0%   60GB         45GB           files/entries read:  16108 (59G bytes)  skipped:  2 (61K bytes)
[2026-10-01T17:14:51+10:00] free_inodes=20769 DeepSeek_Gemma_state=ZIPPING progress=DeepSeek_Gemma   ZIPPING    16110/16110        100.0%   60GB         45GB           files/entries read:  16108 (59G bytes)  skipped:  2 (61K bytes)
[2026-10-01T17:15:52+10:00] free_inodes=20769 DeepSeek_Gemma_state=ZIPPING progress=DeepSeek_Gemma   ZIPPING    16110/16110        100.0%   60GB         45GB           files/entries read:  16108 (59G bytes)  skipped:  2 (61K bytes)
[2026-10-01T17:16:52+10:00] free_inodes=20769 DeepSeek_Gemma_state=ZIPPING progress=DeepSeek_Gemma   ZIPPING    16110/16110        100.0%   60GB         45GB           files/entries read:  16108 (59G bytes)  skipped:  2 (61K bytes)
[2026-10-01T17:17:52+10:00] free_inodes=20769 DeepSeek_Gemma_state=ZIPPING progress=DeepSeek_Gemma   ZIPPING    16110/16110        100.0%   60GB         45GB           files/entries read:  16108 (59G bytes)  skipped:  2 (61K bytes)
[2026-10-01T17:18:53+10:00] free_inodes=20769 DeepSeek_Gemma_state=ZIPPING progress=DeepSeek_Gemma   ZIPPING    16110/16110        100.0%   60GB         45GB           files/entries read:  16108 (59G bytes)  skipped:  2 (61K bytes)
[2026-10-01T17:19:53+10:00] free_inodes=20769 DeepSeek_Gemma_state=ZIPPING progress=DeepSeek_Gemma   ZIPPING    16110/16110        100.0%   60GB         45GB           files/entries read:  16108 (59G bytes)  skipped:  2 (61K bytes)
[2026-10-01T17:20:53+10:00] free_inodes=20769 DeepSeek_Gemma_state=ZIPPING progress=DeepSeek_Gemma   ZIPPING    16110/16110        100.0%   60GB         45GB           files/entries read:  16108 (59G bytes)  skipped:  2 (61K bytes)
[2026-10-01T17:21:54+10:00] free_inodes=20769 DeepSeek_Gemma_state=ZIPPING progress=DeepSeek_Gemma   ZIPPING    16110/16110        100.0%   60GB         45GB           files/entries read:  16108 (59G bytes)  skipped:  2 (61K bytes)
[2026-10-01T17:22:54+10:00] free_inodes=20769 DeepSeek_Gemma_state=ZIPPING progress=DeepSeek_Gemma   ZIPPING    16110/16110        100.0%   60GB         45GB           files/entries read:  16108 (59G bytes)  skipped:  2 (61K bytes)
[2026-10-01T17:23:54+10:00] free_inodes=20769 DeepSeek_Gemma_state=ZIPPING progress=DeepSeek_Gemma   ZIPPING    16110/16110        100.0%   60GB         45GB           files/entries read:  16108 (59G bytes)  skipped:  2 (61K bytes)
[2026-10-01T17:24:55+10:00] free_inodes=20769 DeepSeek_Gemma_state=ZIPPING progress=DeepSeek_Gemma   ZIPPING    16110/16110        100.0%   60GB         45GB           files/entries read:  16108 (59G bytes)  skipped:  2 (61K bytes)
[2026-10-01T17:25:55+10:00] free_inodes=20769 DeepSeek_Gemma_state=ZIPPING progress=DeepSeek_Gemma   ZIPPING    16110/16110        100.0%   60GB         45GB           files/entries read:  16108 (59G bytes)  skipped:  2 (61K bytes)
[2026-10-01T17:26:55+10:00] free_inodes=20769 DeepSeek_Gemma_state=ZIPPING progress=DeepSeek_Gemma   ZIPPING    16110/16110        100.0%   60GB         45GB           files/entries read:  16108 (59G bytes)  skipped:  2 (61K bytes)
[2026-10-01T17:27:56+10:00] free_inodes=20769 DeepSeek_Gemma_state=ZIPPING progress=DeepSeek_Gemma   ZIPPING    16110/16110        100.0%   60GB         45GB           files/entries read:  16108 (59G bytes)  skipped:  2 (61K bytes)
[2026-10-01T17:28:56+10:00] free_inodes=20769 DeepSeek_Gemma_state=ZIPPING progress=DeepSeek_Gemma   ZIPPING    16110/16110        100.0%   60GB         45GB           files/entries read:  16108 (59G bytes)  skipped:  2 (61K bytes)
[2026-10-01T17:29:57+10:00] free_inodes=20769 DeepSeek_Gemma_state=ZIPPING progress=DeepSeek_Gemma   ZIPPING    16110/16110        100.0%   60GB         45GB           files/entries read:  16108 (59G bytes)  skipped:  2 (61K bytes)
[2026-10-01T17:30:57+10:00] free_inodes=20769 DeepSeek_Gemma_state=ZIPPING progress=DeepSeek_Gemma   ZIPPING    16110/16110        100.0%   60GB         45GB           files/entries read:  16108 (59G bytes)  skipped:  2 (61K bytes)
[2026-10-01T17:31:57+10:00] free_inodes=20769 DeepSeek_Gemma_state=ZIPPING progress=DeepSeek_Gemma   ZIPPING    16110/16110        100.0%   60GB         45GB           files/entries read:  16108 (59G bytes)  skipped:  2 (61K bytes)
[2026-10-01T17:32:58+10:00] free_inodes=20769 DeepSeek_Gemma_state=ZIPPING progress=DeepSeek_Gemma   ZIPPING    16110/16110        100.0%   60GB         45GB           files/entries read:  16108 (59G bytes)  skipped:  2 (61K bytes)
[2026-10-01T17:33:58+10:00] free_inodes=20769 DeepSeek_Gemma_state=ZIPPING progress=DeepSeek_Gemma   ZIPPING    16110/16110        100.0%   60GB         45GB           files/entries read:  16108 (59G bytes)  skipped:  2 (61K bytes)
[2026-10-01T17:34:58+10:00] free_inodes=20769 DeepSeek_Gemma_state=ZIPPING progress=DeepSeek_Gemma   ZIPPING    16110/16110        100.0%   60GB         45GB           files/entries read:  16108 (59G bytes)  skipped:  2 (61K bytes)
[2026-10-01T17:35:59+10:00] free_inodes=20769 DeepSeek_Gemma_state=ZIPPING progress=DeepSeek_Gemma   ZIPPING    16110/16110        100.0%   60GB         45GB           files/entries read:  16108 (59G bytes)  skipped:  2 (61K bytes)
[2026-10-01T17:36:59+10:00] free_inodes=20769 DeepSeek_Gemma_state=ZIPPING progress=DeepSeek_Gemma   ZIPPING    16110/16110        100.0%   60GB         45GB           files/entries read:  16108 (59G bytes)  skipped:  2 (61K bytes)
[2026-10-01T17:38:00+10:00] free_inodes=20769 DeepSeek_Gemma_state=ZIPPING progress=DeepSeek_Gemma   ZIPPING    16110/16110        100.0%   60GB         45GB           files/entries read:  16108 (59G bytes)  skipped:  2 (61K bytes)
[2026-10-01T17:39:00+10:00] free_inodes=20769 DeepSeek_Gemma_state=ZIPPING progress=DeepSeek_Gemma   ZIPPING    16110/16110        100.0%   60GB         45GB           files/entries read:  16108 (59G bytes)  skipped:  2 (61K bytes)
[2026-10-01T17:40:00+10:00] free_inodes=20769 DeepSeek_Gemma_state=ZIPPING progress=DeepSeek_Gemma   ZIPPING    16110/16110        100.0%   60GB         45GB           files/entries read:  16108 (59G bytes)  skipped:  2 (61K bytes)
[2026-10-01T17:41:01+10:00] free_inodes=20769 DeepSeek_Gemma_state=ZIPPING progress=DeepSeek_Gemma   ZIPPING    16110/16110        100.0%   60GB         45GB           files/entries read:  16108 (59G bytes)  skipped:  2 (61K bytes)
[2026-10-01T17:42:01+10:00] free_inodes=20769 DeepSeek_Gemma_state=ZIPPING progress=DeepSeek_Gemma   ZIPPING    16110/16110        100.0%   60GB         45GB           files/entries read:  16108 (59G bytes)  skipped:  2 (61K bytes)
[2026-10-01T17:43:01+10:00] free_inodes=20769 DeepSeek_Gemma_state=ZIPPING progress=DeepSeek_Gemma   ZIPPING    16110/16110        100.0%   60GB         45GB           files/entries read:  16108 (59G bytes)  skipped:  2 (61K bytes)
[2026-10-01T17:44:02+10:00] free_inodes=20769 DeepSeek_Gemma_state=ZIPPING progress=DeepSeek_Gemma   ZIPPING    16110/16110        100.0%   60GB         45GB           files/entries read:  16108 (59G bytes)  skipped:  2 (61K bytes)
[2026-10-01T17:45:02+10:00] free_inodes=20769 DeepSeek_Gemma_state=ZIPPING progress=DeepSeek_Gemma   ZIPPING    16110/16110        100.0%   60GB         45GB           files/entries read:  16108 (59G bytes)  skipped:  2 (61K bytes)
[2026-10-01T17:46:02+10:00] free_inodes=20769 DeepSeek_Gemma_state=ZIPPING progress=DeepSeek_Gemma   ZIPPING    16110/16110        100.0%   60GB         45GB           files/entries read:  16108 (59G bytes)  skipped:  2 (61K bytes)
[2026-10-01T17:47:03+10:00] free_inodes=20769 DeepSeek_Gemma_state=ZIPPING progress=DeepSeek_Gemma   ZIPPING    16110/16110        100.0%   60GB         45GB           files/entries read:  16108 (59G bytes)  skipped:  2 (61K bytes)
[2026-10-01T17:48:03+10:00] free_inodes=20769 DeepSeek_Gemma_state=ZIPPING progress=DeepSeek_Gemma   ZIPPING    16110/16110        100.0%   60GB         45GB           files/entries read:  16108 (59G bytes)  skipped:  2 (61K bytes)
[2026-10-01T17:49:03+10:00] free_inodes=20769 DeepSeek_Gemma_state=ZIPPING progress=DeepSeek_Gemma   ZIPPING    16110/16110        100.0%   60GB         45GB           files/entries read:  16108 (59G bytes)  skipped:  2 (61K bytes)
[2026-10-01T17:50:04+10:00] free_inodes=20769 DeepSeek_Gemma_state=ZIPPING progress=DeepSeek_Gemma   ZIPPING    16110/16110        100.0%   60GB         45GB           files/entries read:  16108 (59G bytes)  skipped:  2 (61K bytes)
[2026-10-01T17:51:04+10:00] free_inodes=20769 DeepSeek_Gemma_state=ZIPPING progress=DeepSeek_Gemma   ZIPPING    16110/16110        100.0%   60GB         45GB           files/entries read:  16108 (59G bytes)  skipped:  2 (61K bytes)
[2026-10-01T17:52:04+10:00] free_inodes=20769 DeepSeek_Gemma_state=ZIPPING progress=DeepSeek_Gemma   ZIPPING    16110/16110        100.0%   60GB         45GB           files/entries read:  16108 (59G bytes)  skipped:  2 (61K bytes)
[2026-10-01T17:53:05+10:00] free_inodes=20769 DeepSeek_Gemma_state=ZIPPING progress=DeepSeek_Gemma   ZIPPING    16110/16110        100.0%   60GB         45GB           files/entries read:  16108 (59G bytes)  skipped:  2 (61K bytes)
[2026-10-01T17:54:05+10:00] free_inodes=20769 DeepSeek_Gemma_state=ZIPPING progress=DeepSeek_Gemma   ZIPPING    16110/16110        100.0%   60GB         45GB           files/entries read:  16108 (59G bytes)  skipped:  2 (61K bytes)
[2026-10-01T17:55:05+10:00] free_inodes=20769 DeepSeek_Gemma_state=ZIPPING progress=DeepSeek_Gemma   ZIPPING    16110/16110        100.0%   60GB         45GB           files/entries read:  16108 (59G bytes)  skipped:  2 (61K bytes)
[2026-10-01T17:56:06+10:00] free_inodes=20769 DeepSeek_Gemma_state=ZIPPING progress=DeepSeek_Gemma   ZIPPING    16110/16110        100.0%   60GB         45GB           files/entries read:  16108 (59G bytes)  skipped:  2 (61K bytes)
[2026-10-01T17:57:06+10:00] free_inodes=20769 DeepSeek_Gemma_state=ZIPPING progress=DeepSeek_Gemma   ZIPPING    16110/16110        100.0%   60GB         45GB           files/entries read:  16108 (59G bytes)  skipped:  2 (61K bytes)
[2026-10-01T17:58:06+10:00] free_inodes=20769 DeepSeek_Gemma_state=ZIPPING progress=DeepSeek_Gemma   ZIPPING    16110/16110        100.0%   60GB         45GB           files/entries read:  16108 (59G bytes)  skipped:  2 (61K bytes)
[2026-10-01T17:59:07+10:00] free_inodes=20769 DeepSeek_Gemma_state=ZIPPING progress=DeepSeek_Gemma   ZIPPING    16110/16110        100.0%   60GB         45GB           files/entries read:  16108 (59G bytes)  skipped:  2 (61K bytes)
[2026-10-01T18:00:07+10:00] free_inodes=20769 DeepSeek_Gemma_state=ZIPPING progress=DeepSeek_Gemma   ZIPPING    16110/16110        100.0%   60GB         45GB           files/entries read:  16108 (59G bytes)  skipped:  2 (61K bytes)
[2026-10-01T18:01:08+10:00] free_inodes=20769 DeepSeek_Gemma_state=ZIPPING progress=DeepSeek_Gemma   ZIPPING    16110/16110        100.0%   60GB         45GB           files/entries read:  16108 (59G bytes)  skipped:  2 (61K bytes)
[2026-10-01T18:02:08+10:00] free_inodes=20769 DeepSeek_Gemma_state=ZIPPING progress=DeepSeek_Gemma   ZIPPING    16110/16110        100.0%   60GB         45GB           files/entries read:  16108 (59G bytes)  skipped:  2 (61K bytes)
[2026-10-01T18:03:09+10:00] free_inodes=20769 DeepSeek_Gemma_state=ZIPPING progress=DeepSeek_Gemma   ZIPPING    16110/16110        100.0%   60GB         45GB           files/entries read:  16108 (59G bytes)  skipped:  2 (61K bytes)
[2026-10-01T18:04:09+10:00] free_inodes=20769 DeepSeek_Gemma_state=ZIPPING progress=DeepSeek_Gemma   ZIPPING    16110/16110        100.0%   60GB         45GB           files/entries read:  16108 (59G bytes)  skipped:  2 (61K bytes)
[2026-10-01T18:05:09+10:00] free_inodes=20769 DeepSeek_Gemma_state=ZIPPING progress=DeepSeek_Gemma   ZIPPING    16110/16110        100.0%   60GB         45GB           files/entries read:  16108 (59G bytes)  skipped:  2 (61K bytes)
[2026-10-01T18:06:10+10:00] free_inodes=20769 DeepSeek_Gemma_state=ZIPPING progress=DeepSeek_Gemma   ZIPPING    16110/16110        100.0%   60GB         45GB           files/entries read:  16108 (59G bytes)  skipped:  2 (61K bytes)
[2026-10-01T18:07:10+10:00] free_inodes=20769 DeepSeek_Gemma_state=ZIPPING progress=DeepSeek_Gemma   ZIPPING    16110/16110        100.0%   60GB         45GB           files/entries read:  16108 (59G bytes)  skipped:  2 (61K bytes)
[2026-10-01T18:08:10+10:00] free_inodes=20769 DeepSeek_Gemma_state=ZIPPING progress=DeepSeek_Gemma   ZIPPING    16110/16110        100.0%   60GB         45GB           files/entries read:  16108 (59G bytes)  skipped:  2 (61K bytes)
[2026-10-01T18:09:11+10:00] free_inodes=20769 DeepSeek_Gemma_state=ZIPPING progress=DeepSeek_Gemma   ZIPPING    16110/16110        100.0%   60GB         45GB           files/entries read:  16108 (59G bytes)  skipped:  2 (61K bytes)
[2026-10-01T18:10:11+10:00] free_inodes=20769 DeepSeek_Gemma_state=ZIPPING progress=DeepSeek_Gemma   ZIPPING    16110/16110        100.0%   60GB         45GB           files/entries read:  16108 (59G bytes)  skipped:  2 (61K bytes)
[2026-10-01T18:11:11+10:00] free_inodes=20769 DeepSeek_Gemma_state=ZIPPING progress=DeepSeek_Gemma   ZIPPING    16110/16110        100.0%   60GB         45GB           files/entries read:  16108 (59G bytes)  skipped:  2 (61K bytes)
[2026-10-01T18:12:12+10:00] free_inodes=20769 DeepSeek_Gemma_state=ZIPPING progress=DeepSeek_Gemma   ZIPPING    16110/16110        100.0%   60GB         45GB           files/entries read:  16108 (59G bytes)  skipped:  2 (61K bytes)
[2026-10-01T18:13:12+10:00] free_inodes=20769 DeepSeek_Gemma_state=ZIPPING progress=DeepSeek_Gemma   ZIPPING    16110/16110        100.0%   60GB         45GB           files/entries read:  16108 (59G bytes)  skipped:  2 (61K bytes)
[2026-10-01T18:14:12+10:00] free_inodes=20769 DeepSeek_Gemma_state=ZIPPING progress=DeepSeek_Gemma   ZIPPING    16110/16110        100.0%   60GB         45GB           files/entries read:  16108 (59G bytes)  skipped:  2 (61K bytes)
[2026-10-01T18:15:13+10:00] free_inodes=20769 DeepSeek_Gemma_state=ZIPPING progress=DeepSeek_Gemma   ZIPPING    16110/16110        100.0%   60GB         45GB           files/entries read:  16108 (59G bytes)  skipped:  2 (61K bytes)
[2026-10-01T18:16:13+10:00] free_inodes=20769 DeepSeek_Gemma_state=ZIPPING progress=DeepSeek_Gemma   ZIPPING    16110/16110        100.0%   60GB         45GB           files/entries read:  16108 (59G bytes)  skipped:  2 (61K bytes)
[2026-10-01T18:17:13+10:00] free_inodes=20769 DeepSeek_Gemma_state=ZIPPING progress=DeepSeek_Gemma   ZIPPING    16110/16110        100.0%   60GB         45GB           files/entries read:  16108 (59G bytes)  skipped:  2 (61K bytes)
[2026-10-01T18:18:14+10:00] free_inodes=20769 DeepSeek_Gemma_state=ZIPPING progress=DeepSeek_Gemma   ZIPPING    16110/16110        100.0%   60GB         45GB           files/entries read:  16108 (59G bytes)  skipped:  2 (61K bytes)
[2026-10-01T18:19:14+10:00] free_inodes=20769 DeepSeek_Gemma_state=ZIPPING progress=DeepSeek_Gemma   ZIPPING    16110/16110        100.0%   60GB         45GB           files/entries read:  16108 (59G bytes)  skipped:  2 (61K bytes)
[2026-10-01T18:20:14+10:00] free_inodes=20769 DeepSeek_Gemma_state=ZIPPING progress=DeepSeek_Gemma   ZIPPING    16110/16110        100.0%   60GB         45GB           files/entries read:  16108 (59G bytes)  skipped:  2 (61K bytes)
[2026-10-01T18:21:14+10:00] free_inodes=20769 DeepSeek_Gemma_state=ZIPPING progress=DeepSeek_Gemma   ZIPPING    16110/16110        100.0%   60GB         45GB           files/entries read:  16108 (59G bytes)  skipped:  2 (61K bytes)
[2026-10-01T18:22:15+10:00] free_inodes=20769 DeepSeek_Gemma_state=ZIPPING progress=DeepSeek_Gemma   ZIPPING    16110/16110        100.0%   60GB         45GB           files/entries read:  16108 (59G bytes)  skipped:  2 (61K bytes)
[2026-10-01T18:23:15+10:00] free_inodes=20769 DeepSeek_Gemma_state=ZIPPING progress=DeepSeek_Gemma   ZIPPING    16110/16110        100.0%   60GB         45GB           files/entries read:  16108 (59G bytes)  skipped:  2 (61K bytes)
[2026-10-01T18:24:15+10:00] free_inodes=20769 DeepSeek_Gemma_state=ZIPPING progress=DeepSeek_Gemma   ZIPPING    16110/16110        100.0%   60GB         45GB           files/entries read:  16108 (59G bytes)  skipped:  2 (61K bytes)
[2026-10-01T18:25:16+10:00] free_inodes=20769 DeepSeek_Gemma_state=ZIPPING progress=DeepSeek_Gemma   ZIPPING    16110/16110        100.0%   60GB         45GB           files/entries read:  16108 (59G bytes)  skipped:  2 (61K bytes)
[2026-10-01T18:26:16+10:00] free_inodes=20769 DeepSeek_Gemma_state=ZIPPING progress=DeepSeek_Gemma   ZIPPING    16110/16110        100.0%   60GB         45GB           files/entries read:  16108 (59G bytes)  skipped:  2 (61K bytes)
[2026-10-01T18:27:16+10:00] free_inodes=20769 DeepSeek_Gemma_state=ZIPPING progress=DeepSeek_Gemma   ZIPPING    16110/16110        100.0%   60GB         45GB           files/entries read:  16108 (59G bytes)  skipped:  2 (61K bytes)
[2026-10-01T18:28:17+10:00] free_inodes=20769 DeepSeek_Gemma_state=ZIPPING progress=DeepSeek_Gemma   ZIPPING    16110/16110        100.0%   60GB         45GB           files/entries read:  16108 (59G bytes)  skipped:  2 (61K bytes)
[2026-10-01T18:29:17+10:00] free_inodes=20769 DeepSeek_Gemma_state=ZIPPING progress=DeepSeek_Gemma   ZIPPING    16110/16110        100.0%   60GB         45GB           files/entries read:  16108 (59G bytes)  skipped:  2 (61K bytes)
[2026-10-01T18:30:17+10:00] free_inodes=20769 DeepSeek_Gemma_state=ZIPPING progress=DeepSeek_Gemma   ZIPPING    16110/16110        100.0%   60GB         45GB           files/entries read:  16108 (59G bytes)  skipped:  2 (61K bytes)
[2026-10-01T18:31:18+10:00] free_inodes=20769 DeepSeek_Gemma_state=ZIPPING progress=DeepSeek_Gemma   ZIPPING    16110/16110        100.0%   60GB         45GB           files/entries read:  16108 (59G bytes)  skipped:  2 (61K bytes)
[2026-10-01T18:32:18+10:00] free_inodes=20769 DeepSeek_Gemma_state=ZIPPING progress=DeepSeek_Gemma   ZIPPING    16110/16110        100.0%   60GB         45GB           files/entries read:  16108 (59G bytes)  skipped:  2 (61K bytes)
[2026-10-01T18:33:18+10:00] free_inodes=20769 DeepSeek_Gemma_state=ZIPPING progress=DeepSeek_Gemma   ZIPPING    16110/16110        100.0%   60GB         45GB           files/entries read:  16108 (59G bytes)  skipped:  2 (61K bytes)
[2026-10-01T18:34:19+10:00] free_inodes=20769 DeepSeek_Gemma_state=ZIPPING progress=DeepSeek_Gemma   ZIPPING    16110/16110        100.0%   60GB         45GB           files/entries read:  16108 (59G bytes)  skipped:  2 (61K bytes)
[2026-10-01T18:35:19+10:00] free_inodes=20769 DeepSeek_Gemma_state=ZIPPING progress=DeepSeek_Gemma   ZIPPING    16110/16110        100.0%   60GB         45GB           files/entries read:  16108 (59G bytes)  skipped:  2 (61K bytes)
[2026-10-01T18:36:19+10:00] free_inodes=20769 DeepSeek_Gemma_state=ZIPPING progress=DeepSeek_Gemma   ZIPPING    16110/16110        100.0%   60GB         45GB           files/entries read:  16108 (59G bytes)  skipped:  2 (61K bytes)
[2026-10-01T18:37:20+10:00] free_inodes=20769 DeepSeek_Gemma_state=ZIPPING progress=DeepSeek_Gemma   ZIPPING    16110/16110        100.0%   60GB         45GB           files/entries read:  16108 (59G bytes)  skipped:  2 (61K bytes)
[2026-10-01T18:38:20+10:00] free_inodes=20769 DeepSeek_Gemma_state=ZIPPING progress=DeepSeek_Gemma   ZIPPING    16110/16110        100.0%   60GB         45GB           files/entries read:  16108 (59G bytes)  skipped:  2 (61K bytes)
[2026-10-01T18:39:20+10:00] free_inodes=20769 DeepSeek_Gemma_state=ZIPPING progress=DeepSeek_Gemma   ZIPPING    16110/16110        100.0%   60GB         45GB           files/entries read:  16108 (59G bytes)  skipped:  2 (61K bytes)
[2026-10-01T18:40:21+10:00] free_inodes=20769 DeepSeek_Gemma_state=ZIPPING progress=DeepSeek_Gemma   ZIPPING    16110/16110        100.0%   60GB         45GB           files/entries read:  16108 (59G bytes)  skipped:  2 (61K bytes)
[2026-10-01T18:41:21+10:00] free_inodes=20769 DeepSeek_Gemma_state=ZIPPING progress=DeepSeek_Gemma   ZIPPING    16110/16110        100.0%   60GB         45GB           files/entries read:  16108 (59G bytes)  skipped:  2 (61K bytes)
[2026-10-01T18:42:21+10:00] free_inodes=20769 DeepSeek_Gemma_state=ZIPPING progress=DeepSeek_Gemma   ZIPPING    16110/16110        100.0%   60GB         45GB           files/entries read:  16108 (59G bytes)  skipped:  2 (61K bytes)
[2026-10-01T18:43:22+10:00] free_inodes=20769 DeepSeek_Gemma_state=ZIPPING progress=DeepSeek_Gemma   ZIPPING    16110/16110        100.0%   60GB         45GB           files/entries read:  16108 (59G bytes)  skipped:  2 (61K bytes)
[2026-10-01T18:44:22+10:00] free_inodes=20769 DeepSeek_Gemma_state=ZIPPING progress=DeepSeek_Gemma   ZIPPING    16110/16110        100.0%   60GB         45GB           files/entries read:  16108 (59G bytes)  skipped:  2 (61K bytes)
[2026-10-01T18:45:22+10:00] free_inodes=20769 DeepSeek_Gemma_state=ZIPPING progress=DeepSeek_Gemma   ZIPPING    16110/16110        100.0%   60GB         45GB           files/entries read:  16108 (59G bytes)  skipped:  2 (61K bytes)
[2026-10-01T18:46:23+10:00] free_inodes=20769 DeepSeek_Gemma_state=ZIPPING progress=DeepSeek_Gemma   ZIPPING    16110/16110        100.0%   60GB         45GB           files/entries read:  16108 (59G bytes)  skipped:  2 (61K bytes)
[2026-10-01T18:47:23+10:00] free_inodes=20769 DeepSeek_Gemma_state=ZIPPING progress=DeepSeek_Gemma   ZIPPING    16110/16110        100.0%   60GB         45GB           files/entries read:  16108 (59G bytes)  skipped:  2 (61K bytes)
[2026-10-01T18:48:23+10:00] free_inodes=20769 DeepSeek_Gemma_state=ZIPPING progress=DeepSeek_Gemma   ZIPPING    16110/16110        100.0%   60GB         45GB           files/entries read:  16108 (59G bytes)  skipped:  2 (61K bytes)
[2026-10-01T18:49:24+10:00] free_inodes=20769 DeepSeek_Gemma_state=ZIPPING progress=DeepSeek_Gemma   ZIPPING    16110/16110        100.0%   60GB         45GB           files/entries read:  16108 (59G bytes)  skipped:  2 (61K bytes)
[2026-10-01T18:50:24+10:00] free_inodes=20769 DeepSeek_Gemma_state=ZIPPING progress=DeepSeek_Gemma   ZIPPING    16110/16110        100.0%   60GB         45GB           files/entries read:  16108 (59G bytes)  skipped:  2 (61K bytes)
[2026-10-01T18:51:24+10:00] free_inodes=20769 DeepSeek_Gemma_state=ZIPPING progress=DeepSeek_Gemma   ZIPPING    16110/16110        100.0%   60GB         45GB           files/entries read:  16108 (59G bytes)  skipped:  2 (61K bytes)
[2026-10-01T18:52:25+10:00] free_inodes=20769 DeepSeek_Gemma_state=ZIPPING progress=DeepSeek_Gemma   ZIPPING    16110/16110        100.0%   60GB         45GB           files/entries read:  16108 (59G bytes)  skipped:  2 (61K bytes)
[2026-10-01T18:53:25+10:00] free_inodes=20769 DeepSeek_Gemma_state=ZIPPING progress=DeepSeek_Gemma   ZIPPING    16110/16110        100.0%   60GB         45GB           files/entries read:  16108 (59G bytes)  skipped:  2 (61K bytes)
[2026-10-01T18:54:25+10:00] free_inodes=20769 DeepSeek_Gemma_state=ZIPPING progress=DeepSeek_Gemma   ZIPPING    16110/16110        100.0%   60GB         45GB           files/entries read:  16108 (59G bytes)  skipped:  2 (61K bytes)
[2026-10-01T18:55:26+10:00] free_inodes=20769 DeepSeek_Gemma_state=ZIPPING progress=DeepSeek_Gemma   ZIPPING    16110/16110        100.0%   60GB         45GB           files/entries read:  16108 (59G bytes)  skipped:  2 (61K bytes)
[2026-10-01T18:56:26+10:00] free_inodes=20769 DeepSeek_Gemma_state=ZIPPING progress=DeepSeek_Gemma   ZIPPING    16110/16110        100.0%   60GB         45GB           files/entries read:  16108 (59G bytes)  skipped:  2 (61K bytes)
[2026-10-01T18:57:26+10:00] free_inodes=20769 DeepSeek_Gemma_state=ZIPPING progress=DeepSeek_Gemma   ZIPPING    16110/16110        100.0%   60GB         45GB           files/entries read:  16108 (59G bytes)  skipped:  2 (61K bytes)
[2026-10-01T18:58:27+10:00] free_inodes=20769 DeepSeek_Gemma_state=ZIPPING progress=DeepSeek_Gemma   ZIPPING    16110/16110        100.0%   60GB         45GB           files/entries read:  16108 (59G bytes)  skipped:  2 (61K bytes)
[2026-10-01T18:59:27+10:00] free_inodes=20769 DeepSeek_Gemma_state=ZIPPING progress=DeepSeek_Gemma   ZIPPING    16110/16110        100.0%   60GB         45GB           files/entries read:  16108 (59G bytes)  skipped:  2 (61K bytes)
[2026-10-01T19:00:27+10:00] free_inodes=20769 DeepSeek_Gemma_state=ZIPPING progress=DeepSeek_Gemma   ZIPPING    16110/16110        100.0%   60GB         45GB           files/entries read:  16108 (59G bytes)  skipped:  2 (61K bytes)
[2026-10-01T19:01:28+10:00] free_inodes=20769 DeepSeek_Gemma_state=ZIPPING progress=DeepSeek_Gemma   ZIPPING    16110/16110        100.0%   60GB         45GB           files/entries read:  16108 (59G bytes)  skipped:  2 (61K bytes)
[2026-10-01T19:02:28+10:00] free_inodes=20769 DeepSeek_Gemma_state=ZIPPING progress=DeepSeek_Gemma   ZIPPING    16110/16110        100.0%   60GB         45GB           files/entries read:  16108 (59G bytes)  skipped:  2 (61K bytes)
[2026-10-01T19:03:28+10:00] free_inodes=20769 DeepSeek_Gemma_state=ZIPPING progress=DeepSeek_Gemma   ZIPPING    16110/16110        100.0%   60GB         45GB           files/entries read:  16108 (59G bytes)  skipped:  2 (61K bytes)
[2026-10-01T19:04:29+10:00] free_inodes=20769 DeepSeek_Gemma_state=ZIPPING progress=DeepSeek_Gemma   ZIPPING    16110/16110        100.0%   60GB         45GB           files/entries read:  16108 (59G bytes)  skipped:  2 (61K bytes)
[2026-10-01T19:05:29+10:00] free_inodes=20769 DeepSeek_Gemma_state=ZIPPING progress=DeepSeek_Gemma   ZIPPING    16110/16110        100.0%   60GB         45GB           files/entries read:  16108 (59G bytes)  skipped:  2 (61K bytes)
[2026-10-01T19:06:29+10:00] free_inodes=20769 DeepSeek_Gemma_state=ZIPPING progress=DeepSeek_Gemma   ZIPPING    16110/16110        100.0%   60GB         45GB           files/entries read:  16108 (59G bytes)  skipped:  2 (61K bytes)
[2026-10-01T19:07:30+10:00] free_inodes=20769 DeepSeek_Gemma_state=ZIPPING progress=DeepSeek_Gemma   ZIPPING    16110/16110        100.0%   60GB         45GB           files/entries read:  16108 (59G bytes)  skipped:  2 (61K bytes)
[2026-10-01T19:08:30+10:00] free_inodes=20769 DeepSeek_Gemma_state=ZIPPING progress=DeepSeek_Gemma   ZIPPING    16110/16110        100.0%   60GB         45GB           files/entries read:  16108 (59G bytes)  skipped:  2 (61K bytes)
[2026-10-01T19:09:30+10:00] free_inodes=20769 DeepSeek_Gemma_state=ZIPPING progress=DeepSeek_Gemma   ZIPPING    16110/16110        100.0%   60GB         45GB           files/entries read:  16108 (59G bytes)  skipped:  2 (61K bytes)
[2026-10-01T19:10:31+10:00] free_inodes=20769 DeepSeek_Gemma_state=ZIPPING progress=DeepSeek_Gemma   ZIPPING    16110/16110        100.0%   60GB         45GB           files/entries read:  16108 (59G bytes)  skipped:  2 (61K bytes)
[2026-10-01T19:11:31+10:00] free_inodes=20769 DeepSeek_Gemma_state=ZIPPING progress=DeepSeek_Gemma   ZIPPING    16110/16110        100.0%   60GB         45GB           files/entries read:  16108 (59G bytes)  skipped:  2 (61K bytes)
[2026-10-01T19:12:32+10:00] free_inodes=20769 DeepSeek_Gemma_state=ZIPPING progress=DeepSeek_Gemma   ZIPPING    16110/16110        100.0%   60GB         45GB           files/entries read:  16108 (59G bytes)  skipped:  2 (61K bytes)
[2026-10-01T19:13:32+10:00] free_inodes=20769 DeepSeek_Gemma_state=ZIPPING progress=DeepSeek_Gemma   ZIPPING    16110/16110        100.0%   60GB         45GB           files/entries read:  16108 (59G bytes)  skipped:  2 (61K bytes)
[2026-10-01T19:14:32+10:00] free_inodes=20769 DeepSeek_Gemma_state=ZIPPING progress=DeepSeek_Gemma   ZIPPING    16110/16110        100.0%   60GB         45GB           files/entries read:  16108 (59G bytes)  skipped:  2 (61K bytes)
[2026-10-01T19:15:33+10:00] free_inodes=20769 DeepSeek_Gemma_state=ZIPPING progress=DeepSeek_Gemma   ZIPPING    16110/16110        100.0%   60GB         45GB           files/entries read:  16108 (59G bytes)  skipped:  2 (61K bytes)
[2026-10-01T19:16:33+10:00] free_inodes=20769 DeepSeek_Gemma_state=ZIPPING progress=DeepSeek_Gemma   ZIPPING    16110/16110        100.0%   60GB         45GB           files/entries read:  16108 (59G bytes)  skipped:  2 (61K bytes)
[2026-10-01T19:17:33+10:00] free_inodes=20769 DeepSeek_Gemma_state=ZIPPING progress=DeepSeek_Gemma   ZIPPING    16110/16110        100.0%   60GB         45GB           files/entries read:  16108 (59G bytes)  skipped:  2 (61K bytes)
[2026-10-01T19:18:34+10:00] free_inodes=20769 DeepSeek_Gemma_state=ZIPPING progress=DeepSeek_Gemma   ZIPPING    16110/16110        100.0%   60GB         45GB           files/entries read:  16108 (59G bytes)  skipped:  2 (61K bytes)
[2026-10-01T19:19:34+10:00] free_inodes=20769 DeepSeek_Gemma_state=ZIPPING progress=DeepSeek_Gemma   ZIPPING    16110/16110        100.0%   60GB         45GB           files/entries read:  16108 (59G bytes)  skipped:  2 (61K bytes)
[2026-10-01T19:20:34+10:00] free_inodes=20769 DeepSeek_Gemma_state=ZIPPING progress=DeepSeek_Gemma   ZIPPING    16110/16110        100.0%   60GB         45GB           files/entries read:  16108 (59G bytes)  skipped:  2 (61K bytes)
[2026-10-01T19:21:35+10:00] free_inodes=20769 DeepSeek_Gemma_state=ZIPPING progress=DeepSeek_Gemma   ZIPPING    16110/16110        100.0%   60GB         45GB           files/entries read:  16108 (59G bytes)  skipped:  2 (61K bytes)
[2026-10-01T19:22:35+10:00] free_inodes=20769 DeepSeek_Gemma_state=ZIPPING progress=DeepSeek_Gemma   ZIPPING    16110/16110        100.0%   60GB         45GB           files/entries read:  16108 (59G bytes)  skipped:  2 (61K bytes)
[2026-10-01T19:23:35+10:00] free_inodes=20769 DeepSeek_Gemma_state=ZIPPING progress=DeepSeek_Gemma   ZIPPING    16110/16110        100.0%   60GB         45GB           files/entries read:  16108 (59G bytes)  skipped:  2 (61K bytes)
[2026-10-01T19:24:36+10:00] free_inodes=20769 DeepSeek_Gemma_state=ZIPPING progress=DeepSeek_Gemma   ZIPPING    16110/16110        100.0%   60GB         45GB           files/entries read:  16108 (59G bytes)  skipped:  2 (61K bytes)
[2026-10-01T19:25:36+10:00] free_inodes=20769 DeepSeek_Gemma_state=ZIPPING progress=DeepSeek_Gemma   ZIPPING    16110/16110        100.0%   60GB         45GB           files/entries read:  16108 (59G bytes)  skipped:  2 (61K bytes)
[2026-10-01T19:26:36+10:00] free_inodes=20769 DeepSeek_Gemma_state=ZIPPING progress=DeepSeek_Gemma   ZIPPING    16110/16110        100.0%   60GB         45GB           files/entries read:  16108 (59G bytes)  skipped:  2 (61K bytes)
[2026-10-01T19:27:37+10:00] free_inodes=20769 DeepSeek_Gemma_state=ZIPPING progress=DeepSeek_Gemma   ZIPPING    16110/16110        100.0%   60GB         45GB           files/entries read:  16108 (59G bytes)  skipped:  2 (61K bytes)
[2026-10-01T19:28:37+10:00] free_inodes=20769 DeepSeek_Gemma_state=ZIPPING progress=DeepSeek_Gemma   ZIPPING    16110/16110        100.0%   60GB         45GB           files/entries read:  16108 (59G bytes)  skipped:  2 (61K bytes)
[2026-10-01T19:29:37+10:00] free_inodes=20770 DeepSeek_Gemma_state=ZIPPING progress=DeepSeek_Gemma   ZIPPING    16110/16110        100.0%   60GB         45GB           files/entries read:  16108 (59G bytes)  skipped:  2 (61K bytes)
[2026-10-01T19:30:38+10:00] free_inodes=20770 DeepSeek_Gemma_state=ZIPPING progress=DeepSeek_Gemma   ZIPPING    16110/16110        100.0%   60GB         45GB           files/entries read:  16108 (59G bytes)  skipped:  2 (61K bytes)
[2026-10-01T19:31:38+10:00] free_inodes=20770 DeepSeek_Gemma_state=ZIPPING progress=DeepSeek_Gemma   ZIPPING    16110/16110        100.0%   60GB         45GB           files/entries read:  16108 (59G bytes)  skipped:  2 (61K bytes)
[2026-10-01T19:32:38+10:00] free_inodes=20770 DeepSeek_Gemma_state=ZIPPING progress=DeepSeek_Gemma   ZIPPING    16110/16110        100.0%   60GB         45GB           files/entries read:  16108 (59G bytes)  skipped:  2 (61K bytes)
[2026-10-01T19:33:39+10:00] free_inodes=20770 DeepSeek_Gemma_state=ZIPPING progress=DeepSeek_Gemma   ZIPPING    16110/16110        100.0%   60GB         45GB           files/entries read:  16108 (59G bytes)  skipped:  2 (61K bytes)
[2026-10-01T19:34:39+10:00] free_inodes=20770 DeepSeek_Gemma_state=ZIPPING progress=DeepSeek_Gemma   ZIPPING    16110/16110        100.0%   60GB         45GB           files/entries read:  16108 (59G bytes)  skipped:  2 (61K bytes)
[2026-10-01T19:35:39+10:00] free_inodes=20770 DeepSeek_Gemma_state=ZIPPING progress=DeepSeek_Gemma   ZIPPING    16110/16110        100.0%   60GB         45GB           files/entries read:  16108 (59G bytes)  skipped:  2 (61K bytes)
[2026-10-01T19:36:40+10:00] free_inodes=20770 DeepSeek_Gemma_state=ZIPPING progress=DeepSeek_Gemma   ZIPPING    16110/16110        100.0%   60GB         45GB           files/entries read:  16108 (59G bytes)  skipped:  2 (61K bytes)
[2026-10-01T19:37:40+10:00] free_inodes=20770 DeepSeek_Gemma_state=ZIPPING progress=DeepSeek_Gemma   ZIPPING    16110/16110        100.0%   60GB         45GB           files/entries read:  16108 (59G bytes)  skipped:  2 (61K bytes)
[2026-10-01T19:38:40+10:00] free_inodes=20770 DeepSeek_Gemma_state=ZIPPING progress=DeepSeek_Gemma   ZIPPING    16110/16110        100.0%   60GB         45GB           files/entries read:  16108 (59G bytes)  skipped:  2 (61K bytes)
[2026-10-01T19:39:40+10:00] free_inodes=36878 DeepSeek_Gemma_state=DONE_WITH_SKIPPED_PYC progress=DeepSeek_Gemma   DONE_WITH_SKIPPED_PYC 16110/16110        100.0%   60GB         45GB           files/entries read:  16108 (59G bytes)  skipped:  2 (61K bytes)
[2026-10-01T19:39:40+10:00] submitting Exp4b E0 groups
[2026-10-01T19:39:41+10:00] submit Exp4bE0-1
[jobid] Exp4bE0-1 35369342
[2026-10-01T19:39:41+10:00] submit Exp4bE0-2
[jobid] Exp4bE0-2 35369343
[2026-10-01T19:39:41+10:00] submit Exp4bE0-3
[jobid] Exp4bE0-3 35369344
[2026-10-01T19:39:41+10:00] submitting RQ2 v3 xllms Fig.3-6 jobs
[2026-10-01T19:39:41+10:00] submit RQ2X-ministral_8b_instruct_2410
[jobid] RQ2X-ministral_8b_instruct_2410 35369345
[2026-10-01T19:39:41+10:00] submit RQ2X-deepseek_r1_distill_qwen_7b
[jobid] RQ2X-deepseek_r1_distill_qwen_7b 35369346
[2026-10-01T19:39:41+10:00] submit RQ2X-qwen25_7b_instruct
[jobid] RQ2X-qwen25_7b_instruct 35369347
[2026-10-01T19:39:41+10:00] submit RQ2X-gemma2_9b_it
[jobid] RQ2X-gemma2_9b_it 35369348
[2026-10-01T19:39:41+10:00] watcher_done
